// Jest Snapshot v1, https://goo.gl/fbAQLP

exports[`motion_view should render 1`] = `
<View
  isForced={true}
>
  <View
    style={
      Array [
        undefined,
        Object {
          "height": "auto",
          "overflow": "hidden",
          "width": "auto",
        },
      ]
    }
    testID="ripple_view"
  >
    <View
      collapsable={false}
      onGestureHandlerEvent={[Function]}
      onGestureHandlerStateChange={[Function]}
      style={
        Array [
          Object {
            "overflow": "hidden",
          },
        ]
      }
    >
      <View
        style={
          Object {
            "backgroundColor": "red",
            "height": 100,
            "width": 100,
          }
        }
      />
      <View
        style={
          Object {
            "backgroundColor": "rgba(0,0,0,0.2)",
            "borderRadius": 0,
            "height": 0,
            "left": 0,
            "opacity": 1,
            "position": "absolute",
            "top": 0,
            "transform": Array [
              Object {
                "translateX": 0,
              },
              Object {
                "translateY": 0,
              },
              Object {
                "scale": 0,
              },
            ],
            "width": 0,
          }
        }
      />
    </View>
  </View>
</View>
`;
